// Jest Snapshot v1, https://goo.gl/fbAQLP

exports[`The Navigation Bar renders correctly 1`] = `
Object {
  "asFragment": [Function],
  "baseElement": <body>
    <div>
      <div
        class="navbar_position"
      >
        <nav
          class="navbar"
        >
          <div>
            <span>
              <a
                href="/home"
              >
                &lt;
              </a>
            </span>
            <span>
              2022
            </span>
          </div>
          <p>
            Market View
          </p>
          <div
            class="mic_config_container"
          >
            <img
              alt="microphone icon"
              class="navbar_mic_icon"
              src="micIcon.svg"
            />
            <img
              alt="configuration icon"
              class="navbar_config_icon"
              src="configIcon.svg"
            />
          </div>
        </nav>
      </div>
    </div>
  </body>,
  "container": <div>
    <div
      class="navbar_position"
    >
      <nav
        class="navbar"
      >
        <div>
          <span>
            <a
              href="/home"
            >
              &lt;
            </a>
          </span>
          <span>
            2022
          </span>
        </div>
        <p>
          Market View
        </p>
        <div
          class="mic_config_container"
        >
          <img
            alt="microphone icon"
            class="navbar_mic_icon"
            src="micIcon.svg"
          />
          <img
            alt="configuration icon"
            class="navbar_config_icon"
            src="configIcon.svg"
          />
        </div>
      </nav>
    </div>
  </div>,
  "debug": [Function],
  "findAllByAltText": [Function],
  "findAllByDisplayValue": [Function],
  "findAllByLabelText": [Function],
  "findAllByPlaceholderText": [Function],
  "findAllByRole": [Function],
  "findAllByTestId": [Function],
  "findAllByText": [Function],
  "findAllByTitle": [Function],
  "findByAltText": [Function],
  "findByDisplayValue": [Function],
  "findByLabelText": [Function],
  "findByPlaceholderText": [Function],
  "findByRole": [Function],
  "findByTestId": [Function],
  "findByText": [Function],
  "findByTitle": [Function],
  "getAllByAltText": [Function],
  "getAllByDisplayValue": [Function],
  "getAllByLabelText": [Function],
  "getAllByPlaceholderText": [Function],
  "getAllByRole": [Function],
  "getAllByTestId": [Function],
  "getAllByText": [Function],
  "getAllByTitle": [Function],
  "getByAltText": [Function],
  "getByDisplayValue": [Function],
  "getByLabelText": [Function],
  "getByPlaceholderText": [Function],
  "getByRole": [Function],
  "getByTestId": [Function],
  "getByText": [Function],
  "getByTitle": [Function],
  "queryAllByAltText": [Function],
  "queryAllByDisplayValue": [Function],
  "queryAllByLabelText": [Function],
  "queryAllByPlaceholderText": [Function],
  "queryAllByRole": [Function],
  "queryAllByTestId": [Function],
  "queryAllByText": [Function],
  "queryAllByTitle": [Function],
  "queryByAltText": [Function],
  "queryByDisplayValue": [Function],
  "queryByLabelText": [Function],
  "queryByPlaceholderText": [Function],
  "queryByRole": [Function],
  "queryByTestId": [Function],
  "queryByText": [Function],
  "queryByTitle": [Function],
  "rerender": [Function],
  "unmount": [Function],
}
`;
